// Jest Snapshot v1, https://goo.gl/fbAQLP

exports[`AppFooter renders as expected 1`] = `
<footer
  className="footer"
>
  <div
    className="mui-container-fluid"
  >
    ðŸ™Œ I built this in a 
    <a
      href="https://mike.works/course/progressive-web-fundamentals-0d74af5"
      rel="noopener noreferrer"
      target="_blank"
    >
      Mike Works
    </a>
     PWA course.
  </div>
</footer>
`;
